A51 MACRO ASSEMBLER  FKT_TEXT                                                             11/11/2018 18:27:57 PAGE     1


MACRO ASSEMBLER A51 V8.2.7.0
OBJECT MODULE PLACED IN .\Objects\fkt_text.obj
ASSEMBLER INVOKED BY: C:\Keil_v5\C51\BIN\A51.EXE fkt_text.a51 SET(SMALL) DEBUG PRINT(.\Listings\fkt_text.lst) OBJECT(.\O
                      bjects\fkt_text.obj) EP

LOC  OBJ            LINE     SOURCE

                       1     $nomod51 
                       2     ;#include <Reg517a.inc>
                +1     3     ;-------------------------------------------------------------------------------
                +1     4     ; Copyright 1995-1996 KEIL Software, Inc.
                +1     5     ; 80517A Processor Declarations
                +1     6     ;-------------------------------------------------------------------------------
                +1     7  +1 $save 
                +1   199  +1 $restore 
                +1   200     
                     201     
                     202     
                     203     public  fkt_text
                     204     
                     205     my_code segment CODE
----                 206             rseg    my_code
                     207     
0000                 208     fkt_text: ; Ausgabe auf Seriel 1 (S1BUF)
                     209     ;------------------------------
                     210     ; Serial Interface 1
                     211     ; 8 Datenbits, variable Baudrate
                     212     ;       -> Mode B
                     213     ;       => SM = 1
                     214     ;       SETB    SM; geht nicht, s.o. 
                     215     ; Empfang freigeben -> REN1 = 1
                     216     ;       SETB    REN1; geht nicht, s.o.
                     217     ; noch nichts empfangen -> TI1 =0 
                     218     ;       CLR     TI1; geht nicht, s.o.
                     219     ;       aber S1CON = SM|.|.|REN1|.|.|TI1|.
0000 E59B            220             MOV     A, S1CON
0002 4490            221             ORL     A, #10010000B
0004 54FD            222             ANL     A, #1111$1101B
0006 F59B            223             MOV     S1CON, A
                     224     ; Baudrate
                     225     ;       Baudrate = XTAL /(32*(2^10-S1REL))
                     226     ;       9600 1/s -> S1REL = 3B2h
                     227     ;               => S1RELH = 3
                     228     ;               => S1RELL = B2H
0008 75BB03          229             MOV     S1RELH, # 3
000B 759DB2          230             MOV     S1RELL, #0B2h
                     231     ; senden bereit
000E 439B02          232             ORL S1CON,#0000$0010B ;Set of TI1
                     233     ;---------------------------------------
0011                 234     txt_init:
0011 7FFF            235             mov     r7, #0xff;
0013                 236     txt_schleife:
0013 7800            237             mov     r0, #0
0015 0F              238             inc     r7
0016 53070F          239             anl     7, #0x0f        ; eigendlich ANL R7, #0x0F; zum zählen bis 15
                     240             ;
0019 EF              241             mov     a, r7
001A 120000   F      242             call    Stelle6
001D E8              243             mov     a, r0
001E 33              244             rlc     a
001F F8              245             mov     r0, a   
                     246             ;
0020 EF              247             mov     a, r7
0021 120000   F      248             call    Stelle5
A51 MACRO ASSEMBLER  FKT_TEXT                                                             11/11/2018 18:27:57 PAGE     2

0024 E8              249             mov     a, r0
0025 33              250             rlc     a
0026 F8              251             mov     r0, a   
                     252             ;
0027 EF              253             mov     a, r7
0028 120000   F      254             call    Stelle4
002B E8              255             mov     a, r0
002C 33              256             rlc     a
002D F8              257             mov     r0, a   
                     258             ;
002E EF              259             mov     a, r7
002F 120000   F      260             call    Stelle3
0032 E8              261             mov     a, r0
0033 33              262             rlc     a
0034 F8              263             mov     r0, a   
                     264             ;
0035 EF              265             mov     a, r7
0036 120000   F      266             call    Stelle2
0039 E8              267             mov     a, r0
003A 33              268             rlc     a
003B F8              269             mov     r0, a   
                     270             ;
003C EF              271             mov     a, r7
003D 120000   F      272             call    Stelle1
0040 E8              273             mov     a, r0
0041 33              274             rlc     a
0042 F8              275             mov     r0, a   
                     276             ; nach 
0043 E8              277             mov     a, r0
0044 2440            278             add     a, #64
0046 F8              279             mov     r0, a   
0047 00              280             nop
0048                 281     txt_warten:
                     282     ;       jbc TI0, txt_ausgabe
                     283     ;       setb    wdt
                     284     ;       setb    swdt
                     285             ; Warteschleife zur Zeitverzögerung
0048 7B10            286             mov     r3, #16
004A                 287     txt_R3:
004A 7A00            288             mov     r2, #0
004C                 289     txt_R2:
004C 7900            290             mov     r1, #0
004E                 291     txt_R1:
004E 00              292             nop
004F D9FD            293             djnz    r1, txt_R1
0051 00              294             nop
0052 DAF8            295             djnz    r2, txt_R2
0054 00              296             nop
0055 DBF3            297             djnz    r3, txt_R3
                     298     
                     299     ;       jmp     txt_warten
                     300     
0057                 301     txt_ser:
                     302     ;test ob gesendet S1
0057 E59B            303             MOV A,S1CON
0059 20E102          304             JB ACC.1, txt_ausgabe_S1 ;TI1
005C 80F9            305             jmp     txt_ser
                     306     ;-----------
005E                 307     txt_ausgabe_S1:
005E 539BFD          308             ANL S1CON,#1111$1101B ;Resetting of TI1
0061 889C            309             MOV     S1BUF, r0
0063 80AE            310             jmp     txt_schleife
                     311     ;
0065 22              312             ret     ; sollte nie erreicht werden
                     313     ; ----------------------------------------------------
                     314     
A51 MACRO ASSEMBLER  FKT_TEXT                                                             11/11/2018 18:27:57 PAGE     3

0066                 315     Stelle6:
0066 A2E1            316             mov     c, acc.1
0068 82E2            317             anl     c, acc.2
006A B0E3            318             anl     c, /acc.3       
006C 92D1            319                     mov     f1, c           ; sichern
006E A2E3            320             mov     c, acc.3
0070 B0E2            321             anl     c, /acc.2
0072 72D1            322                     orl     c, f1           
0074 92D1            323                     mov     f1, c           ; sichern
0076 A2E3            324             mov     c, acc.3
0078 B0E1            325             anl     c, /acc.1
007A 72D1            326                     orl     c, f1
007C 22              327             ret
007D                 328     Stelle5:
007D A2E0            329             mov     c, acc.0
007F 82E1            330             anl     c, acc.1
0081 B0E3            331             anl     c, /acc.3       
0083 92D1            332                     mov     f1, c           ; sichern
0085 A2E3            333             mov     c, acc.3
0087 B0E1            334             anl     c, /acc.1
0089 72D1            335                     orl     c, f1
008B 92D1            336                     mov     f1, c
008D A2E1            337             mov     c, acc.1
008F 82E2            338             anl     c, acc.2
0091 72D1            339                     orl     c, f1
0093 92D1            340                     mov     f1, c
0095 A2E0            341             mov     c, acc.0
0097 82E2            342             anl     c, acc.2
0099 72D1            343                     orl     c, f1
009B 22              344             ret
009C                 345     Stelle4:
009C A2E0            346             mov     c, acc.0
009E B0E1            347             anl     c, /acc.1
00A0 B0E2            348             anl     c, /acc.2
00A2 B0E3            349             anl     c, /acc.3
00A4 92D1            350                     mov     f1, c
00A6 A2E1            351             mov     c, acc.1
00A8 82E2            352             anl     c, acc.2
00AA 82E3            353             anl     c, acc.3
00AC 72D1            354                     orl     c, f1
00AE 22              355             ret
00AF                 356     Stelle3:
00AF A2E0            357             mov     c, acc.0
00B1 82E1            358             anl     c, acc.1
00B3 B0E3            359             anl     c, /acc.3
00B5 92D1            360                     mov     f1, c
00B7 A2E0            361             mov     c, acc.0
00B9 B3              362             cpl     c
00BA B0E1            363             anl     c, /acc.1
00BC B0E2            364             anl     c, /acc.2
00BE 72D1            365                     orl     c, f1
00C0 92D1            366                     mov     f1, c
00C2 A2E3            367             mov     c, acc.3
00C4 B0E2            368             anl     c, /acc.2
00C6 B0E0            369             anl     c, /acc.0
00C8 72D1            370                     orl     c, f1
00CA 92D1            371                     mov     f1, c
00CC A2E0            372             mov     c, acc.0
00CE B0E1            373             anl     c, /acc.1
00D0 82E3            374             anl     c, acc.3
00D2 72D1            375                     orl     c, f1
00D4 92D1            376                     mov     f1, c
00D6 A2E2            377             mov     c, acc.2
00D8 82E1            378             anl     c, acc.1
00DA 72D1            379                     orl     c, f1
00DC 22              380             ret
A51 MACRO ASSEMBLER  FKT_TEXT                                                             11/11/2018 18:27:57 PAGE     4

00DD                 381     Stelle2:
00DD A2E1            382             mov     c, acc.1
00DF B0E2            383             anl     c, /acc.2
00E1 B0E3            384             anl     c, /acc.3
00E3 92D1            385                     mov     f1, c
00E5 A2E0            386             mov     c, acc.0
00E7 B0E1            387             anl     c, /acc.1
00E9 82E2            388             anl     c, acc.2
00EB B0E3            389             anl     c, /acc.3
00ED 72D1            390                     orl     c, f1
00EF 92D1            391                     mov     f1, c
00F1 A2E1            392             mov     c, acc.1
00F3 B0E0            393             anl     c, /acc.0
00F5 B0E2            394             anl     c, /acc.2
00F7 72D1            395                     orl     c, f1
00F9 92D1            396                     mov     f1, c
00FB A2E3            397             mov     c, acc.3
00FD 82E2            398             anl     c, acc.2
00FF B0E0            399             anl     c, /acc.0
0101 72D1            400                     orl     c, f1
0103 92D1            401                     mov     f1, c
0105 A2E1            402             mov     c, acc.1
0107 82E2            403             anl     c, acc.2
0109 82E3            404             anl     c, acc.3
010B 72D1            405                     orl     c, f1
010D 22              406             ret
010E                 407     Stelle1:
010E A2E0            408             mov     c, acc.0
0110 82E2            409             anl     c, acc.2
0112 B0E3            410             anl     c, /acc.3
0114 92D1            411                     mov     f1, c
0116 A2E1            412             mov     c, acc.1
0118 82E3            413             anl     c, acc.3
011A 72D1            414                     orl     c, f1
011C 92D1            415                     mov f1, c
011E A2E0            416             mov c, acc.0
0120 82E1            417             anl c, acc.1
0122 72D1            418                     orl c, f1
0124 22              419             ret
                     420     end
A51 MACRO ASSEMBLER  FKT_TEXT                                                             11/11/2018 18:27:57 PAGE     5

SYMBOL TABLE LISTING
------ ----- -------


N A M E             T Y P E  V A L U E   ATTRIBUTES

AC . . . . . . . .  B ADDR   00D0H.6 A   
ACC. . . . . . . .  D ADDR   00E0H   A   
ADCON0 . . . . . .  D ADDR   00D8H   A   
ADCON1 . . . . . .  D ADDR   00DCH   A   
ADDATH . . . . . .  D ADDR   00D9H   A   
ADDATL . . . . . .  D ADDR   00DAH   A   
ADEX . . . . . . .  B ADDR   00D8H.5 A   
ADM. . . . . . . .  B ADDR   00D8H.3 A   
ARCON. . . . . . .  D ADDR   00EFH   A   
B. . . . . . . . .  D ADDR   00F0H   A   
BD . . . . . . . .  B ADDR   00D8H.7 A   
BSY. . . . . . . .  B ADDR   00D8H.4 A   
CC4EN. . . . . . .  D ADDR   00C9H   A   
CCEN . . . . . . .  D ADDR   00C1H   A   
CCH1 . . . . . . .  D ADDR   00C3H   A   
CCH2 . . . . . . .  D ADDR   00C5H   A   
CCH3 . . . . . . .  D ADDR   00C7H   A   
CCH4 . . . . . . .  D ADDR   00CFH   A   
CCL1 . . . . . . .  D ADDR   00C2H   A   
CCL2 . . . . . . .  D ADDR   00C4H   A   
CCL3 . . . . . . .  D ADDR   00C6H   A   
CCL4 . . . . . . .  D ADDR   00CEH   A   
CLK. . . . . . . .  B ADDR   00D8H.6 A   
CLRMSK . . . . . .  D ADDR   00A6H   A   
CMEN . . . . . . .  D ADDR   00F6H   A   
CMH0 . . . . . . .  D ADDR   00D3H   A   
CMH1 . . . . . . .  D ADDR   00D5H   A   
CMH2 . . . . . . .  D ADDR   00D7H   A   
CMH3 . . . . . . .  D ADDR   00E3H   A   
CMH4 . . . . . . .  D ADDR   00E5H   A   
CMH5 . . . . . . .  D ADDR   00E7H   A   
CMH6 . . . . . . .  D ADDR   00F3H   A   
CMH7 . . . . . . .  D ADDR   00F5H   A   
CML0 . . . . . . .  D ADDR   00D2H   A   
CML1 . . . . . . .  D ADDR   00D4H   A   
CML2 . . . . . . .  D ADDR   00D6H   A   
CML3 . . . . . . .  D ADDR   00E2H   A   
CML4 . . . . . . .  D ADDR   00E4H   A   
CML5 . . . . . . .  D ADDR   00E6H   A   
CML6 . . . . . . .  D ADDR   00F2H   A   
CML7 . . . . . . .  D ADDR   00F4H   A   
CMSEL. . . . . . .  D ADDR   00F7H   A   
COMCLRH. . . . . .  D ADDR   00A4H   A   
COMCLRL. . . . . .  D ADDR   00A3H   A   
COMSETH. . . . . .  D ADDR   00A2H   A   
COMSETL. . . . . .  D ADDR   00A1H   A   
CRCH . . . . . . .  D ADDR   00CBH   A   
CRCL . . . . . . .  D ADDR   00CAH   A   
CTCON. . . . . . .  D ADDR   00E1H   A   
CTRELH . . . . . .  D ADDR   00DFH   A   
CTRELL . . . . . .  D ADDR   00DEH   A   
CY . . . . . . . .  B ADDR   00D0H.7 A   
DPH. . . . . . . .  D ADDR   0083H   A   
DPL. . . . . . . .  D ADDR   0082H   A   
DPSEL. . . . . . .  D ADDR   0092H   A   
EADC . . . . . . .  B ADDR   00B8H.0 A   
EAL. . . . . . . .  B ADDR   00A8H.7 A   
ES . . . . . . . .  B ADDR   00A8H.4 A   
ET0. . . . . . . .  B ADDR   00A8H.1 A   
ET1. . . . . . . .  B ADDR   00A8H.3 A   
A51 MACRO ASSEMBLER  FKT_TEXT                                                             11/11/2018 18:27:57 PAGE     6

ET2. . . . . . . .  B ADDR   00A8H.5 A   
EX0. . . . . . . .  B ADDR   00A8H.0 A   
EX1. . . . . . . .  B ADDR   00A8H.2 A   
EX2. . . . . . . .  B ADDR   00B8H.1 A   
EX3. . . . . . . .  B ADDR   00B8H.2 A   
EX4. . . . . . . .  B ADDR   00B8H.3 A   
EX5. . . . . . . .  B ADDR   00B8H.4 A   
EX6. . . . . . . .  B ADDR   00B8H.5 A   
EXEN2. . . . . . .  B ADDR   00B8H.7 A   
EXF2 . . . . . . .  B ADDR   00C0H.7 A   
F0 . . . . . . . .  B ADDR   00D0H.5 A   
F1 . . . . . . . .  B ADDR   00D0H.1 A   
FKT_TEXT . . . . .  C ADDR   0000H   R   SEG=MY_CODE
I2FR . . . . . . .  B ADDR   00C8H.5 A   
I3FR . . . . . . .  B ADDR   00C8H.6 A   
IADC . . . . . . .  B ADDR   00C0H.0 A   
IE0. . . . . . . .  B ADDR   0088H.1 A   
IE1. . . . . . . .  B ADDR   0088H.3 A   
IEN0 . . . . . . .  D ADDR   00A8H   A   
IEN1 . . . . . . .  D ADDR   00B8H   A   
IEN2 . . . . . . .  D ADDR   009AH   A   
IEX2 . . . . . . .  B ADDR   00C0H.1 A   
IEX3 . . . . . . .  B ADDR   00C0H.2 A   
IEX4 . . . . . . .  B ADDR   00C0H.3 A   
IEX5 . . . . . . .  B ADDR   00C0H.4 A   
IEX6 . . . . . . .  B ADDR   00C0H.5 A   
INT0 . . . . . . .  B ADDR   00B0H.2 A   
INT1 . . . . . . .  B ADDR   00B0H.3 A   
IP0. . . . . . . .  D ADDR   00A9H   A   
IP1. . . . . . . .  D ADDR   00B9H   A   
IRCON. . . . . . .  D ADDR   00C0H   A   
IRCON1 . . . . . .  D ADDR   00D1H   A   
IT0. . . . . . . .  B ADDR   0088H.0 A   
IT1. . . . . . . .  B ADDR   0088H.2 A   
MD0. . . . . . . .  D ADDR   00E9H   A   
MD1. . . . . . . .  D ADDR   00EAH   A   
MD2. . . . . . . .  D ADDR   00EBH   A   
MD3. . . . . . . .  D ADDR   00ECH   A   
MD4. . . . . . . .  D ADDR   00EDH   A   
MD5. . . . . . . .  D ADDR   00EEH   A   
MX0. . . . . . . .  B ADDR   00D8H.0 A   
MX1. . . . . . . .  B ADDR   00D8H.1 A   
MX2. . . . . . . .  B ADDR   00D8H.2 A   
MY_CODE. . . . . .  C SEG    0125H       REL=UNIT
OV . . . . . . . .  B ADDR   00D0H.2 A   
P. . . . . . . . .  B ADDR   00D0H.0 A   
P0 . . . . . . . .  D ADDR   0080H   A   
P1 . . . . . . . .  D ADDR   0090H   A   
P2 . . . . . . . .  D ADDR   00A0H   A   
P3 . . . . . . . .  D ADDR   00B0H   A   
P4 . . . . . . . .  D ADDR   00E8H   A   
P5 . . . . . . . .  D ADDR   00F8H   A   
P6 . . . . . . . .  D ADDR   00FAH   A   
P7 . . . . . . . .  D ADDR   00DBH   A   
P8 . . . . . . . .  D ADDR   00DDH   A   
PCON . . . . . . .  D ADDR   0087H   A   
PSW. . . . . . . .  D ADDR   00D0H   A   
RB80 . . . . . . .  B ADDR   0098H.2 A   
RD . . . . . . . .  B ADDR   00B0H.7 A   
REN0 . . . . . . .  B ADDR   0098H.4 A   
RI0. . . . . . . .  B ADDR   0098H.0 A   
RS0. . . . . . . .  B ADDR   00D0H.3 A   
RS1. . . . . . . .  B ADDR   00D0H.4 A   
RXD. . . . . . . .  B ADDR   00B0H.0 A   
S0BUF. . . . . . .  D ADDR   0099H   A   
S0CON. . . . . . .  D ADDR   0098H   A   
A51 MACRO ASSEMBLER  FKT_TEXT                                                             11/11/2018 18:27:57 PAGE     7

S0RELH . . . . . .  D ADDR   00BAH   A   
S0RELL . . . . . .  D ADDR   00AAH   A   
S1BUF. . . . . . .  D ADDR   009CH   A   
S1CON. . . . . . .  D ADDR   009BH   A   
S1RELH . . . . . .  D ADDR   00BBH   A   
S1RELL . . . . . .  D ADDR   009DH   A   
SETMSK . . . . . .  D ADDR   00A5H   A   
SM0. . . . . . . .  B ADDR   0098H.7 A   
SM1. . . . . . . .  B ADDR   0098H.6 A   
SM20 . . . . . . .  B ADDR   0098H.5 A   
SP . . . . . . . .  D ADDR   0081H   A   
STELLE1. . . . . .  C ADDR   010EH   R   SEG=MY_CODE
STELLE2. . . . . .  C ADDR   00DDH   R   SEG=MY_CODE
STELLE3. . . . . .  C ADDR   00AFH   R   SEG=MY_CODE
STELLE4. . . . . .  C ADDR   009CH   R   SEG=MY_CODE
STELLE5. . . . . .  C ADDR   007DH   R   SEG=MY_CODE
STELLE6. . . . . .  C ADDR   0066H   R   SEG=MY_CODE
SWDT . . . . . . .  B ADDR   00B8H.6 A   
SYSCON . . . . . .  D ADDR   00B1H   A   
T0 . . . . . . . .  B ADDR   00B0H.4 A   
T1 . . . . . . . .  B ADDR   00B0H.5 A   
T2CM . . . . . . .  B ADDR   00C8H.2 A   
T2CON. . . . . . .  D ADDR   00C8H   A   
T2I0 . . . . . . .  B ADDR   00C8H.0 A   
T2I1 . . . . . . .  B ADDR   00C8H.1 A   
T2PS . . . . . . .  B ADDR   00C8H.7 A   
T2R0 . . . . . . .  B ADDR   00C8H.3 A   
T2R1 . . . . . . .  B ADDR   00C8H.4 A   
TB80 . . . . . . .  B ADDR   0098H.3 A   
TCON . . . . . . .  D ADDR   0088H   A   
TF0. . . . . . . .  B ADDR   0088H.5 A   
TF1. . . . . . . .  B ADDR   0088H.7 A   
TF2. . . . . . . .  B ADDR   00C0H.6 A   
TH0. . . . . . . .  D ADDR   008CH   A   
TH1. . . . . . . .  D ADDR   008DH   A   
TH2. . . . . . . .  D ADDR   00CDH   A   
TI0. . . . . . . .  B ADDR   0098H.1 A   
TL0. . . . . . . .  D ADDR   008AH   A   
TL1. . . . . . . .  D ADDR   008BH   A   
TL2. . . . . . . .  D ADDR   00CCH   A   
TMOD . . . . . . .  D ADDR   0089H   A   
TR0. . . . . . . .  B ADDR   0088H.4 A   
TR1. . . . . . . .  B ADDR   0088H.6 A   
TXD. . . . . . . .  B ADDR   00B0H.1 A   
TXT_AUSGABE_S1 . .  C ADDR   005EH   R   SEG=MY_CODE
TXT_INIT . . . . .  C ADDR   0011H   R   SEG=MY_CODE
TXT_R1 . . . . . .  C ADDR   004EH   R   SEG=MY_CODE
TXT_R2 . . . . . .  C ADDR   004CH   R   SEG=MY_CODE
TXT_R3 . . . . . .  C ADDR   004AH   R   SEG=MY_CODE
TXT_SCHLEIFE . . .  C ADDR   0013H   R   SEG=MY_CODE
TXT_SER. . . . . .  C ADDR   0057H   R   SEG=MY_CODE
TXT_WARTEN . . . .  C ADDR   0048H   R   SEG=MY_CODE
WDT. . . . . . . .  B ADDR   00A8H.6 A   
WDTH . . . . . . .  D ADDR   0085H   A   
WDTL . . . . . . .  D ADDR   0084H   A   
WDTREL . . . . . .  D ADDR   0086H   A   
WR . . . . . . . .  B ADDR   00B0H.6 A   
XPAGE. . . . . . .  D ADDR   0091H   A   


REGISTER BANK(S) USED: 0 


ASSEMBLY COMPLETE.  0 WARNING(S), 0 ERROR(S)
